   Compiling dsh-up-desktop v0.1.0 (C:\Users\star\Desktop\dsh-up\src-tauri)
error[E0252]: the name `__cmd__win_hide_tray` is defined multiple times
   --> src\lib.rs:537:4
    |
537 | fn win_hide_tray(app: tauri::AppHandle) -> Result<(), String> {
    |    ^^^^^^^^^^^^^ `__cmd__win_hide_tray` reimported here
    |
    = note: `__cmd__win_hide_tray` must be defined only once in the macro namespace of this module
help: you can use `as` to change the binding name of the import
    |
537 | fn win_hide_tray as other___cmd__win_hide_tray(app: tauri::AppHandle) -> Result<(), String> {
    |                  +++++++++++++++++++++++++++++

error[E0252]: the name `__tauri_command_name_win_hide_tray` is defined multiple times
   --> src\lib.rs:537:4
    |
537 | fn win_hide_tray(app: tauri::AppHandle) -> Result<(), String> {
    |    ^^^^^^^^^^^^^ `__tauri_command_name_win_hide_tray` reimported here
    |
    = note: `__tauri_command_name_win_hide_tray` must be defined only once in the macro namespace of this module
help: you can use `as` to change the binding name of the import
    |
537 | fn win_hide_tray as other___tauri_command_name_win_hide_tray(app: tauri::AppHandle) -> Result<(), String> {
    |                  +++++++++++++++++++++++++++++++++++++++++++

For more information about this error, try `rustc --explain E0252`.
error: could not compile `dsh-up-desktop` (lib) due to 2 previous errors
